// Jest Snapshot v1, https://goo.gl/fbAQLP

exports[`RevenueGraph renders correctly 1`] = `
<div>
  <section
    class="sc-bdDrbm bwgXzp grid grid-cols-2 w-full h-screen"
    nthchildren="1,4,5,8"
  >
    <a
      class="bg-buttonFirstColor p-5 text-white flex flex-col justify-center items-center border-white border"
      data-testid="nav-link"
      href="/undefined/2021"
    >
      <span>
        <ion-icon
          data-testid="icon"
          name="calendar-outline"
          size="large"
        />
      </span>
      <span
        class="text-lg tracking-wider font-bold"
      >
        2021
      </span>
    </a>
    <a
      class="bg-buttonFirstColor p-5 text-white flex flex-col justify-center items-center border-white border"
      data-testid="nav-link"
      href="/undefined/2022"
    >
      <span>
        <ion-icon
          data-testid="icon"
          name="calendar-outline"
          size="large"
        />
      </span>
      <span
        class="text-lg tracking-wider font-bold"
      >
        2022
      </span>
    </a>
    <a
      class="bg-buttonFirstColor p-5 text-white flex flex-col justify-center items-center border-white border"
      data-testid="nav-link"
      href="/undefined/2023"
    >
      <span>
        <ion-icon
          data-testid="icon"
          name="calendar-outline"
          size="large"
        />
      </span>
      <span
        class="text-lg tracking-wider font-bold"
      >
        2023
      </span>
    </a>
  </section>
</div>
`;
